opening: /Users/jkline/gws/pakfur/leeward/.gsd/gsd.db
isDbAvailable: true
all workers: 25
   {"worker_id":"auto-jbeck1wl2.riotgames.com-48933-6104b755","host":"jbeck1wl2.riotgames.com","pid":48933,"started_at":"2026-05-11T22:11:27.335Z","version":"1","last_heartbeat_at":"2026-05-11T22:11:33.066Z","status":"active","project_root_realpath":"/Users/jkline/gws/pakfur/leeward"}
   {"worker_id":"auto-jbeck1wl2.riotgames.com-17940-f356ed54","host":"jbeck1wl2.riotgames.com","pid":17940,"started_at":"2026-05-11T22:16:24.180Z","version":"1","last_heartbeat_at":"2026-05-11T22:19:53.483Z","status":"stopping","project_root_realpath":"/Users/jkline/gws/pakfur/leeward"}
   {"worker_id":"auto-jbeck1wl2.riotgames.com-42030-414fd43e","host":"jbeck1wl2.riotgames.com","pid":42030,"started_at":"2026-05-11T22:57:30.968Z","version":"1","last_heartbeat_at":"2026-05-11T22:59:16.903Z","status":"active","project_root_realpath":"/Users/jkline/gws/pakfur/leeward"}
   {"worker_id":"auto-jbeck1wl2.riotgames.com-37140-37d4590c","host":"jbeck1wl2.riotgames.com","pid":37140,"started_at":"2026-05-11T23:04:53.691Z","version":"1","last_heartbeat_at":"2026-05-11T23:04:53.955Z","status":"active","project_root_realpath":"/Users/jkline/gws/pakfur/leeward"}
   {"worker_id":"auto-jbeck1wl2.riotgames.com-40577-c516d245","host":"jbeck1wl2.riotgames.com","pid":40577,"started_at":"2026-05-11T23:14:55.370Z","version":"1","last_heartbeat_at":"2026-05-11T23:15:32.980Z","status":"stopping","project_root_realpath":"/Users/jkline/gws/pakfur/leeward"}
   {"worker_id":"auto-jbeck1wl2.riotgames.com-40577-f74d6695","host":"jbeck1wl2.riotgames.com","pid":40577,"started_at":"2026-05-11T23:22:46.598Z","version":"1","last_heartbeat_at":"2026-05-11T23:29:33.105Z","status":"active","project_root_realpath":"/Users/jkline/gws/pakfur/leeward"}
   {"worker_id":"auto-jbeck1wl2.riotgames.com-48253-c30f1544","host":"jbeck1wl2.riotgames.com","pid":48253,"started_at":"2026-05-11T23:38:24.292Z","version":"1","last_heartbeat_at":"2026-05-11T23:38:24.561Z","status":"stopping","project_root_realpath":"/Users/jkline/gws/pakfur/leeward"}
   {"worker_id":"auto-jbeck1wl2.riotgames.com-48253-61d6b5dd","host":"jbeck1wl2.riotgames.com","pid":48253,"started_at":"2026-05-11T23:39:48.421Z","version":"1","last_heartbeat_at":"2026-05-11T23:46:20.887Z","status":"stopping","project_root_realpath":"/Users/jkline/gws/pakfur/leeward"}
   {"worker_id":"auto-jbeck1wl2.riotgames.com-51498-9337fd4b","host":"jbeck1wl2.riotgames.com","pid":51498,"started_at":"2026-05-11T23:47:08.910Z","version":"1","last_heartbeat_at":"2026-05-11T23:51:49.979Z","status":"active","project_root_realpath":"/Users/jkline/gws/pakfur/leeward"}
   {"worker_id":"auto-jbeck1wl2.riotgames.com-59817-ed372bef","host":"jbeck1wl2.riotgames.com","pid":59817,"started_at":"2026-05-12T00:40:45.429Z","version":"1","last_heartbeat_at":"2026-05-12T00:40:45.645Z","status":"active","project_root_realpath":"/Users/jkline/gws/pakfur/leeward"}
   {"worker_id":"auto-jbeck1wl2.riotgames.com-64249-e278758c","host":"jbeck1wl2.riotgames.com","pid":64249,"started_at":"2026-05-12T01:07:56.510Z","version":"1","last_heartbeat_at":"2026-05-12T01:07:56.724Z","status":"stopping","project_root_realpath":"/Users/jkline/gws/pakfur/leeward"}
   {"worker_id":"auto-jbeck1wl2.riotgames.com-65119-c4d14fed","host":"jbeck1wl2.riotgames.com","pid":65119,"started_at":"2026-05-12T01:10:49.870Z","version":"1","last_heartbeat_at":"2026-05-12T01:10:50.094Z","status":"stopping","project_root_realpath":"/Users/jkline/gws/pakfur/leeward"}
   {"worker_id":"auto-jbeck1wl2.riotgames.com-69761-39195a17","host":"jbeck1wl2.riotgames.com","pid":69761,"started_at":"2026-05-12T01:27:28.716Z","version":"1","last_heartbeat_at":"2026-05-12T01:27:28.928Z","status":"stopping","project_root_realpath":"/Users/jkline/gws/pakfur/leeward"}
   {"worker_id":"auto-jbeck1wl2.riotgames.com-71855-d7ced252","host":"jbeck1wl2.riotgames.com","pid":71855,"started_at":"2026-05-12T01:34:48.830Z","version":"1","last_heartbeat_at":"2026-05-12T01:34:49.051Z","status":"stopping","project_root_realpath":"/Users/jkline/gws/pakfur/leeward"}
   {"worker_id":"auto-jbeck1wl2.riotgames.com-72633-26235175","host":"jbeck1wl2.riotgames.com","pid":72633,"started_at":"2026-05-12T01:35:32.567Z","version":"1","last_heartbeat_at":"2026-05-12T01:35:32.790Z","status":"stopping","project_root_realpath":"/Users/jkline/gws/pakfur/leeward"}
   {"worker_id":"auto-jbeck1wl2.riotgames.com-82957-d70be8e9","host":"jbeck1wl2.riotgames.com","pid":82957,"started_at":"2026-05-12T02:38:42.052Z","version":"1","last_heartbeat_at":"2026-05-12T02:38:42.269Z","status":"stopping","project_root_realpath":"/Users/jkline/gws/pakfur/leeward"}
   {"worker_id":"auto-jbeck1wl2.riotgames.com-84276-b5bfd8cb","host":"jbeck1wl2.riotgames.com","pid":84276,"started_at":"2026-05-12T02:41:00.352Z","version":"1","last_heartbeat_at":"2026-05-12T02:41:00.571Z","status":"stopping","project_root_realpath":"/Users/jkline/gws/pakfur/leeward"}
   {"worker_id":"auto-jbeck1wl2.riotgames.com-85053-dbd68b8d","host":"jbeck1wl2.riotgames.com","pid":85053,"started_at":"2026-05-12T02:41:54.337Z","version":"1","last_heartbeat_at":"2026-05-12T02:41:54.554Z","status":"stopping","project_root_realpath":"/Users/jkline/gws/pakfur/leeward"}
   {"worker_id":"auto-jbeck1wl2.riotgames.com-86449-6fd2dab8","host":"jbeck1wl2.riotgames.com","pid":86449,"started_at":"2026-05-12T02:44:16.085Z","version":"1","last_heartbeat_at":"2026-05-12T02:44:16.498Z","status":"stopping","project_root_realpath":"/Users/jkline/gws/pakfur/leeward"}
   {"worker_id":"auto-jbeck1wl2.riotgames.com-87866-f83e9e7e","host":"jbeck1wl2.riotgames.com","pid":87866,"started_at":"2026-05-12T02:50:00.106Z","version":"1","last_heartbeat_at":"2026-05-12T02:50:00.564Z","status":"stopping","project_root_realpath":"/Users/jkline/gws/pakfur/leeward"}
   {"worker_id":"auto-jbeck1wl2.riotgames.com-97261-e665c099","host":"jbeck1wl2.riotgames.com","pid":97261,"started_at":"2026-05-12T04:10:30.976Z","version":"1","last_heartbeat_at":"2026-05-12T04:10:31.370Z","status":"stopping","project_root_realpath":"/Users/jkline/gws/pakfur/leeward"}
   {"worker_id":"auto-MacBook-Pro-2.local-57149-53433ec6","host":"MacBook-Pro-2.local","pid":57149,"started_at":"2026-05-12T13:15:58.648Z","version":"1","last_heartbeat_at":"2026-05-12T13:15:58.897Z","status":"stopping","project_root_realpath":"/Users/jkline/gws/pakfur/leeward"}
   {"worker_id":"auto-MacBook-Pro-2.local-59355-da8d9036","host":"MacBook-Pro-2.local","pid":59355,"started_at":"2026-05-12T13:24:40.981Z","version":"1","last_heartbeat_at":"2026-05-12T13:24:53.193Z","status":"stopping","project_root_realpath":"/Users/jkline/gws/pakfur/leeward"}
   {"worker_id":"auto-MacBook-Pro-2.local-63675-7b601dc4","host":"MacBook-Pro-2.local","pid":63675,"started_at":"2026-05-12T13:41:36.129Z","version":"1","last_heartbeat_at":"2026-05-12T13:41:41.668Z","status":"stopping","project_root_realpath":"/Users/jkline/gws/pakfur/leeward"}
   {"worker_id":"auto-MacBook-Pro-2.local-65321-0d174131","host":"MacBook-Pro-2.local","pid":65321,"started_at":"2026-05-12T13:45:07.305Z","version":"1","last_heartbeat_at":"2026-05-12T13:45:27.875Z","status":"stopping","project_root_realpath":"/Users/jkline/gws/pakfur/leeward"}
